#-----------------------------------------------------------
# Vivado v2022.2 (64-bit)
# SW Build 3671981 on Fri Oct 14 05:00:03 MDT 2022
# IP Build 3669848 on Fri Oct 14 08:30:02 MDT 2022
# Start of session at: Thu Mar 26 15:25:37 2026
# Process ID: 728
# Current directory: C:/Users/SAMSUNG/Desktop/verilog/fa4_2
# Command line: vivado.exe -gui_launcher_event rodinguilauncherevent1824 C:\Users\SAMSUNG\Desktop\verilog\fa4_2\fa4_2.xpr
# Log file: C:/Users/SAMSUNG/Desktop/verilog/fa4_2/vivado.log
# Journal file: C:/Users/SAMSUNG/Desktop/verilog/fa4_2\vivado.jou
# Running On: ST11, OS: Windows, CPU Frequency: 3408 MHz, CPU Physical cores: 4, Host memory: 8541 MB
#-----------------------------------------------------------
start_gui
open_project C:/Users/SAMSUNG/Desktop/verilog/fa4_2/fa4_2.xpr
INFO: [Common 17-41] Interrupt caught. Command should exit soon.
INFO: [Common 17-344] 'open_project' was cancelled
WARNING: [Board 49-26] cannot add Board Part xilinx.com:vek280_es:part0:1.0 available at C:/Xilinx/Vivado/2022.2/data/xhub/boards/XilinxBoardStore/boards/Xilinx/vek280/es/1.0/board.xml as part xcve2802-vsvh1760-2lp-e-s-es1 specified in board_part file is either invalid or not available
WARNING: [Board 49-26] cannot add Board Part xilinx.com:vhk158_es:part0:1.0 available at C:/Xilinx/Vivado/2022.2/data/xhub/boards/XilinxBoardStore/boards/Xilinx/vhk158/es/1.0/board.xml as part xcvh1582-vsva3697-2mp-e-s-es1 specified in board_part file is either invalid or not available
WARNING: [Board 49-26] cannot add Board Part xilinx.com:vpk120_es:part0:1.2 available at C:/Xilinx/Vivado/2022.2/data/xhub/boards/XilinxBoardStore/boards/Xilinx/vpk120/es/1.2/board.xml as part xcvp1202-vsva2785-2mp-e-s-es1 specified in board_part file is either invalid or not available
WARNING: [Board 49-26] cannot add Board Part xilinx.com:vpk120_es_revb:part0:1.0 available at C:/Xilinx/Vivado/2022.2/data/xhub/boards/XilinxBoardStore/boards/Xilinx/vpk120_revb/es/1.0/board.xml as part xcvp1202-vsva2785-2mp-e-s-es1 specified in board_part file is either invalid or not available
WARNING: [Board 49-26] cannot add Board Part xilinx.com:vpk180_es:part0:1.0 available at C:/Xilinx/Vivado/2022.2/data/xhub/boards/XilinxBoardStore/boards/Xilinx/vpk180/es/1.0/board.xml as part xcvp1802-lsvc4072-2mp-e-s-es1 specified in board_part file is either invalid or not available
WARNING: [Board 49-26] cannot add Board Part xilinx.com:zcu208ld:part0:2.0 available at C:/Xilinx/Vivado/2022.2/data/xhub/boards/XilinxBoardStore/boards/Xilinx/zcu208ld/production/2.0/board.xml as part xczu58dr-fsvg1517-2-i specified in board_part file is either invalid or not available
WARNING: [Board 49-26] cannot add Board Part xilinx.com:zcu216ld:part0:2.0 available at C:/Xilinx/Vivado/2022.2/data/xhub/boards/XilinxBoardStore/boards/Xilinx/zcu216ld/production/2.0/board.xml as part xczu59dr-ffvf1760-2-i specified in board_part file is either invalid or not available
WARNING: [Board 49-26] cannot add Board Part xilinx.com:zcu670:part0:2.0 available at C:/Xilinx/Vivado/2022.2/data/xhub/boards/XilinxBoardStore/boards/Xilinx/zcu670/2.0/board.xml as part xczu67dr-fsve1156-2-i specified in board_part file is either invalid or not available
WARNING: [Board 49-26] cannot add Board Part xilinx.com:zcu670ld:part0:1.0 available at C:/Xilinx/Vivado/2022.2/data/xhub/boards/XilinxBoardStore/boards/Xilinx/zcu670ld/1.0/board.xml as part xczu57dr-fsve1156-2-i specified in board_part file is either invalid or not available
exit
INFO: [Common 17-206] Exiting Vivado at Thu Mar 26 15:26:32 2026...
le is either invalid or not available
CRITICAL WARNING: [Project 1-311] Could not find the file 'C:/Users/SAMSUNG/Desktop/verilog/fa4/fa4_tb_behav.wcfg', nor could it be found using path 'F:/verilog_code/fa4/fa4_tb_behav.wcfg'.
Scanning sources...
Finished scanning sources
INFO: [IP_Flow 19-234] Refreshing IP repositories
INFO: [IP_Flow 19-1704] No user IP repositories specified
INFO: [IP_Flow 19-2313] Loaded Vivado IP repository 'C:/Xilinx/Vivado/2022.2/data/ip'.
open_project: Time (s): cpu = 00:00:36 ; elapsed = 00:00:21 . Memory (MB): peak = 1726.438 ; gain = 334.777
update_compile_order -fileset sources_1
elaunch_simulation
Command: launch_simulation 
INFO: [Vivado 12-12493] Simulation top is 'fa4_tb'
WARNING: [Vivado 12-13340] Unable to auto find GCC executables from simulator install path! (path not set)
WARNING: [Vivado 12-13277] Compiled library path does not exist: ''
INFO: [Vivado 12-5682] Launching behavioral simulation in 'C:/Users/SAMSUNG/Desktop/verilog/fa4_2/fa4_2.sim/sim_1/behav/xsim'
INFO: [SIM-utils-51] Simulation object is 'sim_1'
INFO: [SIM-utils-72] Using boost library from 'C:/Xilinx/Vivado/2022.2/tps/boost_1_72_0'
INFO: [SIM-utils-54] Inspecting design source files for 'fa4_tb' in fileset 'sim_1'...
INFO: [USF-XSim-97] Finding global include files...
INFO: [USF-XSim-98] Fetching design files from 'sim_1'...
INFO: [USF-XSim-2] XSim::Compile design
INFO: [USF-XSim-61] Executing 'COMPILE and ANALYZE' step in 'C:/Users/SAMSUNG/Desktop/verilog/fa4_2/fa4_2.sim/sim_1/behav/xsim'
"xvlog --incr --relax -prj fa4_tb_vlog.prj"
INFO: [VRFC 10-2263] Analyzing Verilog file "C:/Users/SAMSUNG/Desktop/verilog/fa4_2/fa4_2.srcs/sources_1/new/fa.v" into library xil_defaultlib
INFO: [VRFC 10-311] analyzing module fa
INFO: [VRFC 10-2263] Analyzing Verilog file "C:/Users/SAMSUNG/Desktop/verilog/fa4_2/fa4_2.srcs/sources_1/new/fa4.v" into library xil_defaultlib
INFO: [VRFC 10-311] analyzing module fa4
INFO: [VRFC 10-2263] Analyzing Verilog file "C:/Users/SAMSUNG/Desktop/verilog/fa4_2/fa4_2.srcs/sources_1/new/ha.v" into library xil_defaultlib
INFO: [VRFC 10-311] analyzing module ha
INFO: [VRFC 10-2263] Analyzing Verilog file "C:/Users/SAMSUNG/Desktop/verilog/fa4_2/fa4_2.srcs/sim_1/new/fa4_tb.v" into library xil_defaultlib
INFO: [VRFC 10-311] analyzing module fa4_tb
INFO: [VRFC 10-2263] Analyzing Verilog file "C:/Users/SAMSUNG/Desktop/verilog/fa4_2/fa4_2.sim/sim_1/behav/xsim/glbl.v" into library xil_defaultlib
INFO: [VRFC 10-311] analyzing module glbl
INFO: [USF-XSim-69] 'compile' step finished in '3' seconds
INFO: [USF-XSim-3] XSim::Elaborate design
INFO: [USF-XSim-61] Executing 'ELABORATE' step in 'C:/Users/SAMSUNG/Desktop/verilog/fa4_2/fa4_2.sim/sim_1/behav/xsim'
"xelab --incr --debug typical --relax --mt 2 -L xil_defaultlib -L unisims_ver -L unimacro_ver -L secureip --snapshot fa4_tb_behav xil_defaultlib.fa4_tb xil_defaultlib.glbl -log elaborate.log"
Vivado Simulator v2022.2
Copyright 1986-1999, 2001-2022 Xilinx, Inc. All Rights Reserved.
Running: C:/Xilinx/Vivado/2022.2/bin/unwrapped/win64.o/xelab.exe --incr --debug typical --relax --mt 2 -L xil_defaultlib -L unisims_ver -L unimacro_ver -L secureip --snapshot fa4_tb_behav xil_defaultlib.fa4_tb xil_defaultlib.glbl -log elaborate.log 
Using 2 slave threads.
Starting static elaboration
Pass Through NonSizing Optimizer
Completed static elaboration
Starting simulation data flow analysis
Completed simulation data flow analysis
Time Resolution for simulation is 1ps
Compiling module xil_defaultlib.ha
Compiling module xil_defaultlib.fa
Compiling module xil_defaultlib.fa4
Compiling module xil_defaultlib.fa4_tb
Compiling module xil_defaultlib.glbl
Built simulation snapshot fa4_tb_behav
INFO: [USF-XSim-69] 'elaborate' step finished in '4' seconds
INFO: [USF-XSim-4] XSim::Simulate design
WARNING: [USF-XSim-17] WCFG file does not exist:C:/Users/SAMSUNG/Desktop/verilog/fa4/fa4_tb_behav.wcfg
WARNING: [USF-XSim-17] WCFG file does not exist:C:/Users/SAMSUNG/Desktop/verilog/fa4/fa4_tb_behav.wcfg
INFO: [USF-XSim-61] Executing 'SIMULATE' step in 'C:/Users/SAMSUNG/Desktop/verilog/fa4_2/fa4_2.sim/sim_1/behav/xsim'
INFO: [USF-XSim-98] *** Running xsim
   with args "fa4_tb_behav -key {Behavioral:sim_1:Functional:fa4_tb} -tclbatch {fa4_tb.tcl} -log {simulate.log}"
INFO: [USF-XSim-8] Loading simulator feature
Time resolution is 1 ps
source fa4_tb.tcl
# set curr_wave [current_wave_config]
# if { [string length $curr_wave] == 0 } {
#   if { [llength [get_objects]] > 0} {
#     add_wave /
#     set_property needs_save false [current_wave_config]
#   } else {
#      send_msg_id Add_Wave-1 WARNING "No top level signals found. Simulator will start without a wave window. If you want to open a wave window go to 'File->New Waveform Configuration' or type 'create_wave_config' in the TCL console."
#   }
# }
# run 1000ns
$finish called at time : 50 ns : File "C:/Users/SAMSUNG/Desktop/verilog/fa4_2/fa4_2.srcs/sim_1/new/fa4_tb.v" Line 24
INFO: [USF-XSim-96] XSim completed. Design snapshot 'fa4_tb_behav' loaded.
INFO: [USF-XSim-97] XSim simulation ran for 1000ns
launch_simulation: Time (s): cpu = 00:00:07 ; elapsed = 00:00:12 . Memory (MB): peak = 1776.531 ; gain = 19.094
close_sim
INFO: [Simtcl 6-16] Simulation closed
launch_simulation
Command: launch_simulation 
INFO: [Vivado 12-12493] Simulation top is 'fa4_tb'
WARNING: [Vivado 12-13340] Unable to auto find GCC executables from simulator install path! (path not set)
WARNING: [Vivado 12-13277] Compiled library path does not exist: ''
INFO: [Vivado 12-5682] Launching behavioral simulation in 'C:/Users/SAMSUNG/Desktop/verilog/fa4_2/fa4_2.sim/sim_1/behav/xsim'
INFO: [SIM-utils-51] Simulation object is 'sim_1'
INFO: [SIM-utils-72] Using boost library from 'C:/Xilinx/Vivado/2022.2/tps/boost_1_72_0'
INFO: [SIM-utils-54] Inspecting design source files for 'fa4_tb' in fileset 'sim_1'...
INFO: [USF-XSim-97] Finding global include files...
INFO: [USF-XSim-98] Fetching design files from 'sim_1'...
INFO: [USF-XSim-2] XSim::Compile design
INFO: [USF-XSim-61] Executing 'COMPILE and ANALYZE' step in 'C:/Users/SAMSUNG/Desktop/verilog/fa4_2/fa4_2.sim/sim_1/behav/xsim'
"xvlog --incr --relax -prj fa4_tb_vlog.prj"
INFO: [VRFC 10-2263] Analyzing Verilog file "C:/Users/SAMSUNG/Desktop/verilog/fa4_2/fa4_2.srcs/sources_1/new/fa.v" into library xil_defaultlib
INFO: [VRFC 10-311] analyzing module fa
INFO: [VRFC 10-2263] Analyzing Verilog file "C:/Users/SAMSUNG/Desktop/verilog/fa4_2/fa4_2.srcs/sources_1/new/fa4.v" into library xil_defaultlib
INFO: [VRFC 10-311] analyzing module fa4
INFO: [VRFC 10-2263] Analyzing Verilog file "C:/Users/SAMSUNG/Desktop/verilog/fa4_2/fa4_2.srcs/sources_1/new/ha.v" into library xil_defaultlib
INFO: [VRFC 10-311] analyzing module ha
INFO: [VRFC 10-2263] Analyzing Verilog file "C:/Users/SAMSUNG/Desktop/verilog/fa4_2/fa4_2.srcs/sim_1/new/fa4_tb.v" into library xil_defaultlib
INFO: [VRFC 10-311] analyzing module fa4_tb
INFO: [USF-XSim-69] 'compile' step finished in '3' seconds
INFO: [USF-XSim-3] XSim::Elaborate design
INFO: [USF-XSim-61] Executing 'ELABORATE' step in 'C:/Users/SAMSUNG/Desktop/verilog/fa4_2/fa4_2.sim/sim_1/behav/xsim'
"xelab --incr --debug typical --relax --mt 2 -L xil_defaultlib -L unisims_ver -L unimacro_ver -L secureip --snapshot fa4_tb_behav xil_defaultlib.fa4_tb xil_defaultlib.glbl -log elaborate.log"
Vivado Simulator v2022.2
Copyright 1986-1999, 2001-2022 Xilinx, Inc. All Rights Reserved.
Running: C:/Xilinx/Vivado/2022.2/bin/unwrapped/win64.o/xelab.exe --incr --debug typical --relax --mt 2 -L xil_defaultlib -L unisims_ver -L unimacro_ver -L secureip --snapshot fa4_tb_behav xil_defaultlib.fa4_tb xil_defaultlib.glbl -log elaborate.log 
Using 2 slave threads.
Starting static elaboration
Pass Through NonSizing Optimizer
Completed static elaboration
Starting simulation data flow analysis
Completed simulation data flow analysis
Time Resolution for simulation is 1ps
Compiling module xil_defaultlib.ha
Compiling module xil_defaultlib.fa
Compiling module xil_defaultlib.fa4
Compiling module xil_defaultlib.fa4_tb
Compiling module xil_defaultlib.glbl
Built simulation snapshot fa4_tb_behav
INFO: [USF-XSim-69] 'elaborate' step finished in '3' seconds
INFO: [USF-XSim-4] XSim::Simulate design
WARNING: [USF-XSim-17] WCFG file does not exist:C:/Users/SAMSUNG/Desktop/verilog/fa4/fa4_tb_behav.wcfg
WARNING: [USF-XSim-17] WCFG file does not exist:C:/Users/SAMSUNG/Desktop/verilog/fa4/fa4_tb_behav.wcfg
INFO: [USF-XSim-61] Executing 'SIMULATE' step in 'C:/Users/SAMSUNG/Desktop/verilog/fa4_2/fa4_2.sim/sim_1/behav/xsim'
INFO: [USF-XSim-98] *** Running xsim
   with args "fa4_tb_behav -key {Behavioral:sim_1:Functional:fa4_tb} -tclbatch {fa4_tb.tcl} -log {simulate.log}"
INFO: [USF-XSim-8] Loading simulator feature
Time resolution is 1 ps
source fa4_tb.tcl
# set curr_wave [current_wave_config]
# if { [string length $curr_wave] == 0 } {
#   if { [llength [get_objects]] > 0} {
#     add_wave /
#     set_property needs_save false [current_wave_config]
#   } else {
#      send_msg_id Add_Wave-1 WARNING "No top level signals found. Simulator will start without a wave window. If you want to open a wave window go to 'File->New Waveform Configuration' or type 'create_wave_config' in the TCL console."
#   }
# }
# run 1000ns
$finish called at time : 50 ns : File "C:/Users/SAMSUNG/Desktop/verilog/fa4_2/fa4_2.srcs/sim_1/new/fa4_tb.v" Line 24
INFO: [USF-XSim-96] XSim completed. Design snapshot 'fa4_tb_behav' loaded.
INFO: [USF-XSim-97] XSim simulation ran for 1000ns
launch_simulation: Time (s): cpu = 00:00:03 ; elapsed = 00:00:10 . Memory (MB): peak = 1804.449 ; gain = 0.281
close_sim
INFO: [Simtcl 6-16] Simulation closed
launch_simulation
Command: launch_simulation 
INFO: [Vivado 12-12493] Simulation top is 'fa4_tb'
WARNING: [Vivado 12-13340] Unable to auto find GCC executables from simulator install path! (path not set)
WARNING: [Vivado 12-13277] Compiled library path does not exist: ''
INFO: [Vivado 12-5682] Launching behavioral simulation in 'C:/Users/SAMSUNG/Desktop/verilog/fa4_2/fa4_2.sim/sim_1/behav/xsim'
INFO: [SIM-utils-51] Simulation object is 'sim_1'
INFO: [SIM-utils-72] Using boost library from 'C:/Xilinx/Vivado/2022.2/tps/boost_1_72_0'
INFO: [SIM-utils-54] Inspecting design source files for 'fa4_tb' in fileset 'sim_1'...
INFO: [USF-XSim-97] Finding global include files...
INFO: [USF-XSim-98] Fetching design files from 'sim_1'...
INFO: [USF-XSim-2] XSim::Compile design
INFO: [USF-XSim-61] Executing 'COMPILE and ANALYZE' step in 'C:/Users/SAMSUNG/Desktop/verilog/fa4_2/fa4_2.sim/sim_1/behav/xsim'
"xvlog --incr --relax -prj fa4_tb_vlog.prj"
INFO: [VRFC 10-2263] Analyzing Verilog file "C:/Users/SAMSUNG/Desktop/verilog/fa4_2/fa4_2.srcs/sources_1/new/fa.v" into library xil_defaultlib
INFO: [VRFC 10-311] analyzing module fa
INFO: [VRFC 10-2263] Analyzing Verilog file "C:/Users/SAMSUNG/Desktop/verilog/fa4_2/fa4_2.srcs/sources_1/new/fa4.v" into library xil_defaultlib
INFO: [VRFC 10-311] analyzing module fa4
INFO: [VRFC 10-2263] Analyzing Verilog file "C:/Users/SAMSUNG/Desktop/verilog/fa4_2/fa4_2.srcs/sources_1/new/ha.v" into library xil_defaultlib
INFO: [VRFC 10-311] analyzing module ha
INFO: [VRFC 10-2263] Analyzing Verilog file "C:/Users/SAMSUNG/Desktop/verilog/fa4_2/fa4_2.srcs/sim_1/new/fa4_tb.v" into library xil_defaultlib
INFO: [VRFC 10-311] analyzing module fa4_tb
INFO: [USF-XSim-69] 'compile' step finished in '3' seconds
INFO: [USF-XSim-3] XSim::Elaborate design
INFO: [USF-XSim-61] Executing 'ELABORATE' step in 'C:/Users/SAMSUNG/Desktop/verilog/fa4_2/fa4_2.sim/sim_1/behav/xsim'
"xelab --incr --debug typical --relax --mt 2 -L xil_defaultlib -L unisims_ver -L unimacro_ver -L secureip --snapshot fa4_tb_behav xil_defaultlib.fa4_tb xil_defaultlib.glbl -log elaborate.log"
Vivado Simulator v2022.2
Copyright 1986-1999, 2001-2022 Xilinx, Inc. All Rights Reserved.
Running: C:/Xilinx/Vivado/2022.2/bin/unwrapped/win64.o/xelab.exe --incr --debug typical --relax --mt 2 -L xil_defaultlib -L unisims_ver -L unimacro_ver -L secureip --snapshot fa4_tb_behav xil_defaultlib.fa4_tb xil_defaultlib.glbl -log elaborate.log 
Using 2 slave threads.
Starting static elaboration
Pass Through NonSizing Optimizer
Completed static elaboration
Starting simulation data flow analysis
Completed simulation data flow analysis
Time Resolution for simulation is 1ps
Compiling module xil_defaultlib.ha
Compiling module xil_defaultlib.fa
Compiling module xil_defaultlib.fa4
Compiling module xil_defaultlib.fa4_tb
Compiling module xil_defaultlib.glbl
Built simulation snapshot fa4_tb_behav
INFO: [USF-XSim-69] 'elaborate' step finished in '3' seconds
INFO: [USF-XSim-4] XSim::Simulate design
WARNING: [USF-XSim-17] WCFG file does not exist:C:/Users/SAMSUNG/Desktop/verilog/fa4/fa4_tb_behav.wcfg
WARNING: [USF-XSim-17] WCFG file does not exist:C:/Users/SAMSUNG/Desktop/verilog/fa4/fa4_tb_behav.wcfg
INFO: [USF-XSim-61] Executing 'SIMULATE' step in 'C:/Users/SAMSUNG/Desktop/verilog/fa4_2/fa4_2.sim/sim_1/behav/xsim'
INFO: [USF-XSim-98] *** Running xsim
   with args "fa4_tb_behav -key {Behavioral:sim_1:Functional:fa4_tb} -tclbatch {fa4_tb.tcl} -log {simulate.log}"
INFO: [USF-XSim-8] Loading simulator feature
Time resolution is 1 ps
source fa4_tb.tcl
# set curr_wave [current_wave_config]
# if { [string length $curr_wave] == 0 } {
#   if { [llength [get_objects]] > 0} {
#     add_wave /
#     set_property needs_save false [current_wave_config]
#   } else {
#      send_msg_id Add_Wave-1 WARNING "No top level signals found. Simulator will start without a wave window. If you want to open a wave window go to 'File->New Waveform Configuration' or type 'create_wave_config' in the TCL console."
#   }
# }
# run 1000ns
$finish called at time : 50 ns : File "C:/Users/SAMSUNG/Desktop/verilog/fa4_2/fa4_2.srcs/sim_1/new/fa4_tb.v" Line 24
INFO: [USF-XSim-96] XSim completed. Design snapshot 'fa4_tb_behav' loaded.
INFO: [USF-XSim-97] XSim simulation ran for 1000ns
launch_simulation: Time (s): cpu = 00:00:03 ; elapsed = 00:00:09 . Memory (MB): peak = 1807.602 ; gain = 2.184
synth_design -rtl -rtl_skip_mlo -name rtl_1
Command: synth_design -rtl -rtl_skip_mlo -name rtl_1
Starting synth_design
Using part: xc7a35tcpg236-1
Top: fa4
INFO: [Device 21-403] Loading part xc7a35tcpg236-1
INFO: [Synth 8-11241] undeclared symbol 'REGCCE', assumed default net type 'wire' [C:/Xilinx/Vivado/2022.2/data/verilog/src/unimacro/BRAM_SINGLE_MACRO.v:2170]
---------------------------------------------------------------------------------
Starting RTL Elaboration : Time (s): cpu = 00:00:06 ; elapsed = 00:00:06 . Memory (MB): peak = 2529.414 ; gain = 394.008
---------------------------------------------------------------------------------
INFO: [Synth 8-6157] synthesizing module 'fa4' [C:/Users/SAMSUNG/Desktop/verilog/fa4_2/fa4_2.srcs/sources_1/new/fa4.v:3]
INFO: [Synth 8-6157] synthesizing module 'fa' [C:/Users/SAMSUNG/Desktop/verilog/fa4_2/fa4_2.srcs/sources_1/new/fa.v:2]
INFO: [Synth 8-6157] synthesizing module 'ha' [C:/Users/SAMSUNG/Desktop/verilog/fa4_2/fa4_2.srcs/sources_1/new/ha.v:2]
INFO: [Synth 8-6155] done synthesizing module 'ha' (0#1) [C:/Users/SAMSUNG/Desktop/verilog/fa4_2/fa4_2.srcs/sources_1/new/ha.v:2]
INFO: [Synth 8-6155] done synthesizing module 'fa' (0#1) [C:/Users/SAMSUNG/Desktop/verilog/fa4_2/fa4_2.srcs/sources_1/new/fa.v:2]
INFO: [Synth 8-6155] done synthesizing module 'fa4' (0#1) [C:/Users/SAMSUNG/Desktop/verilog/fa4_2/fa4_2.srcs/sources_1/new/fa4.v:3]
---------------------------------------------------------------------------------
Finished RTL Elaboration : Time (s): cpu = 00:00:08 ; elapsed = 00:00:08 . Memory (MB): peak = 2618.180 ; gain = 482.773
---------------------------------------------------------------------------------
---------------------------------------------------------------------------------
Start Handling Custom Attributes
---------------------------------------------------------------------------------
---------------------------------------------------------------------------------
Finished Handling Custom Attributes : Time (s): cpu = 00:00:08 ; elapsed = 00:00:08 . Memory (MB): peak = 2618.180 ; gain = 482.773
---------------------------------------------------------------------------------
---------------------------------------------------------------------------------
Finished RTL Optimization Phase 1 : Time (s): cpu = 00:00:08 ; elapsed = 00:00:08 . Memory (MB): peak = 2618.180 ; gain = 482.773
---------------------------------------------------------------------------------
Netlist sorting complete. Time (s): cpu = 00:00:00 ; elapsed = 00:00:00.001 . Memory (MB): peak = 2618.180 ; gain = 0.000
INFO: [Project 1-570] Preparing netlist for logic optimization

Processing XDC Constraints
Initializing timing engine
Completed Processing XDC Constraints

Netlist sorting complete. Time (s): cpu = 00:00:00 ; elapsed = 00:00:00 . Memory (MB): peak = 2647.367 ; gain = 0.000
INFO: [Project 1-111] Unisim Transformation Summary:
No Unisim elements were transformed.

RTL Elaboration Complete:  : Time (s): cpu = 00:00:17 ; elapsed = 00:00:13 . Memory (MB): peak = 2744.285 ; gain = 608.879
10 Infos, 0 Warnings, 0 Critical Warnings and 0 Errors encountered.
synth_design completed successfully
synth_design: Time (s): cpu = 00:00:21 ; elapsed = 00:00:20 . Memory (MB): peak = 2744.285 ; gain = 935.512
close_sim
INFO: [Simtcl 6-16] Simulation closed
exit
INFO: [Common 17-206] Exiting Vivado at Thu Mar 26 15:41:59 2026...
