#-----------------------------------------------------------
# Vivado v2022.2 (64-bit)
# SW Build 3671981 on Fri Oct 14 05:00:03 MDT 2022
# IP Build 3669848 on Fri Oct 14 08:30:02 MDT 2022
# Start of session at: Thu Mar 26 16:04:06 2026
# Process ID: 13596
# Current directory: C:/Users/SAMSUNG/Desktop/verilog/fa4_2
# Command line: vivado.exe -gui_launcher_event rodinguilauncherevent10804 C:\Users\SAMSUNG\Desktop\verilog\fa4_2\fa4_2.xpr
# Log file: C:/Users/SAMSUNG/Desktop/verilog/fa4_2/vivado.log
# Journal file: C:/Users/SAMSUNG/Desktop/verilog/fa4_2\vivado.jou
# Running On: ST11, OS: Windows, CPU Frequency: 3408 MHz, CPU Physical cores: 4, Host memory: 8541 MB
#-----------------------------------------------------------
start_gui
open_project C:/Users/SAMSUNG/Desktop/verilog/fa4_2/fa4_2.xpr
INFO: [filemgmt 56-3] Default IP Output Path : Could not find the directory 'C:/Users/SAMSUNG/Desktop/verilog/fa4_2/fa4_2.gen/sources_1'.
CRITICAL WARNING: [Project 1-19] Could not find the file 'C:/Users/SAMSUNG/Desktop/verilog/fa4/fa4_tb_behav.wcfg'.
Scanning sources...
Finished scanning sources
INFO: [IP_Flow 19-234] Refreshing IP repositories
INFO: [IP_Flow 19-1704] No user IP repositories specified
WARNING: [Board 49-26] cannot add Board Part xilinx.com:vek280_es:part0:1.0 available at C:/Xilinx/Vivado/2022.2/data/xhub/boards/XilinxBoardStore/boards/Xilinx/vek280/es/1.0/board.xml as part xcve2802-vsvh1760-2lp-e-s-es1 specified in board_part file is either invalid or not available
WARNING: [Board 49-26] cannot add Board Part xilinx.com:vhk158_es:part0:1.0 available at C:/Xilinx/Vivado/2022.2/data/xhub/boards/XilinxBoardStore/boards/Xilinx/vhk158/es/1.0/board.xml as part xcvh1582-vsva3697-2mp-e-s-es1 specified in board_part file is either invalid or not available
WARNING: [Board 49-26] cannot add Board Part xilinx.com:vpk120_es:part0:1.2 available at C:/Xilinx/Vivado/2022.2/data/xhub/boards/XilinxBoardStore/boards/Xilinx/vpk120/es/1.2/board.xml as part xcvp1202-vsva2785-2mp-e-s-es1 specified in board_part file is either invalid or not available
WARNING: [Board 49-26] cannot add Board Part xilinx.com:vpk120_es_revb:part0:1.0 available at C:/Xilinx/Vivado/2022.2/data/xhub/boards/XilinxBoardStore/boards/Xilinx/vpk120_revb/es/1.0/board.xml as part xcvp1202-vsva2785-2mp-e-s-es1 specified in board_part file is either invalid or not available
WARNING: [Board 49-26] cannot add Board Part xilinx.com:vpk180_es:part0:1.0 available at C:/Xilinx/Vivado/2022.2/data/xhub/boards/XilinxBoardStore/boards/Xilinx/vpk180/es/1.0/board.xml as part xcvp1802-lsvc4072-2mp-e-s-es1 specified in board_part file is either invalid or not available
WARNING: [Board 49-26] cannot add Board Part xilinx.com:zcu208ld:part0:2.0 available at C:/Xilinx/Vivado/2022.2/data/xhub/boards/XilinxBoardStore/boards/Xilinx/zcu208ld/production/2.0/board.xml as part xczu58dr-fsvg1517-2-i specified in board_part file is either invalid or not available
WARNING: [Board 49-26] cannot add Board Part xilinx.com:zcu216ld:part0:2.0 available at C:/Xilinx/Vivado/2022.2/data/xhub/boards/XilinxBoardStore/boards/Xilinx/zcu216ld/production/2.0/board.xml as part xczu59dr-ffvf1760-2-i specified in board_part file is either invalid or not available
WARNING: [Board 49-26] cannot add Board Part xilinx.com:zcu670:part0:2.0 available at C:/Xilinx/Vivado/2022.2/data/xhub/boards/XilinxBoardStore/boards/Xilinx/zcu670/2.0/board.xml as part xczu67dr-fsve1156-2-i specified in board_part file is either invalid or not available
WARNING: [Board 49-26] cannot add Board Part xilinx.com:zcu670ld:part0:1.0 available at C:/Xilinx/Vivado/2022.2/data/xhub/boards/XilinxBoardStore/boards/Xilinx/zcu670ld/1.0/board.xml as part xczu57dr-fsve1156-2-i specified in board_part file is either invalid or not available
INFO: [IP_Flow 19-2313] Loaded Vivado IP repository 'C:/Xilinx/Vivado/2022.2/data/ip'.
open_project: Time (s): cpu = 00:00:27 ; elapsed = 00:00:13 . Memory (MB): peak = 1724.074 ; gain = 328.766
update_compile_order -fileset sources_1
launch_simulation
Command: launch_simulation 
INFO: [Vivado 12-12493] Simulation top is 'fa4_tb'
WARNING: [Vivado 12-13340] Unable to auto find GCC executables from simulator install path! (path not set)
WARNING: [Vivado 12-13277] Compiled library path does not exist: ''
INFO: [Vivado 12-5682] Launching behavioral simulation in 'C:/Users/SAMSUNG/Desktop/verilog/fa4_2/fa4_2.sim/sim_1/behav/xsim'
INFO: [SIM-utils-51] Simulation object is 'sim_1'
INFO: [SIM-utils-72] Using boost library from 'C:/Xilinx/Vivado/2022.2/tps/boost_1_72_0'
INFO: [SIM-utils-54] Inspecting design source files for 'fa4_tb' in fileset 'sim_1'...
INFO: [USF-XSim-97] Finding global include files...
INFO: [USF-XSim-98] Fetching design files from 'sim_1'...
INFO: [USF-XSim-2] XSim::Compile design
INFO: [USF-XSim-61] Executing 'COMPILE and ANALYZE' step in 'C:/Users/SAMSUNG/Desktop/verilog/fa4_2/fa4_2.sim/sim_1/behav/xsim'
"xvlog --incr --relax -prj fa4_tb_vlog.prj"
INFO: [VRFC 10-2263] Analyzing Verilog file "C:/Users/SAMSUNG/Desktop/verilog/fa4_2/fa4_2.srcs/sources_1/new/fa.v" into library xil_defaultlib
INFO: [VRFC 10-311] analyzing module fa
INFO: [VRFC 10-2263] Analyzing Verilog file "C:/Users/SAMSUNG/Desktop/verilog/fa4_2/fa4_2.srcs/sources_1/new/fa4.v" into library xil_defaultlib
INFO: [VRFC 10-311] analyzing module fa4
INFO: [VRFC 10-2263] Analyzing Verilog file "C:/Users/SAMSUNG/Desktop/verilog/fa4_2/fa4_2.srcs/sources_1/new/ha.v" into library xil_defaultlib
INFO: [VRFC 10-311] analyzing module ha
INFO: [VRFC 10-2263] Analyzing Verilog file "C:/Users/SAMSUNG/Desktop/verilog/fa4_2/fa4_2.srcs/sim_1/new/fa4_tb.v" into library xil_defaultlib
INFO: [VRFC 10-311] analyzing module fa4_tb
INFO: [USF-XSim-69] 'compile' step finished in '3' seconds
INFO: [USF-XSim-3] XSim::Elaborate design
INFO: [USF-XSim-61] Executing 'ELABORATE' step in 'C:/Users/SAMSUNG/Desktop/verilog/fa4_2/fa4_2.sim/sim_1/behav/xsim'
"xelab --incr --debug typical --relax --mt 2 -L xil_defaultlib -L unisims_ver -L unimacro_ver -L secureip --snapshot fa4_tb_behav xil_defaultlib.fa4_tb xil_defaultlib.glbl -log elaborate.log"
Vivado Simulator v2022.2
Copyright 1986-1999, 2001-2022 Xilinx, Inc. All Rights Reserved.
Running: C:/Xilinx/Vivado/2022.2/bin/unwrapped/win64.o/xelab.exe --incr --debug typical --relax --mt 2 -L xil_defaultlib -L unisims_ver -L unimacro_ver -L secureip --snapshot fa4_tb_behav xil_defaultlib.fa4_tb xil_defaultlib.glbl -log elaborate.log 
Using 2 slave threads.
Starting static elaboration
Pass Through NonSizing Optimizer
WARNING: [VRFC 10-5021] port 'cin' is not connected on this instance [C:/Users/SAMSUNG/Desktop/verilog/fa4_2/fa4_2.srcs/sources_1/new/fa.v:11]
WARNING: [VRFC 10-5021] port 'cin' is not connected on this instance [C:/Users/SAMSUNG/Desktop/verilog/fa4_2/fa4_2.srcs/sources_1/new/fa.v:17]
Completed static elaboration
Starting simulation data flow analysis
Completed simulation data flow analysis
Time Resolution for simulation is 1ps
Compiling module xil_defaultlib.ha
Compiling module xil_defaultlib.fa
Compiling module xil_defaultlib.fa4
Compiling module xil_defaultlib.fa4_tb
Compiling module xil_defaultlib.glbl
Built simulation snapshot fa4_tb_behav
INFO: [USF-XSim-69] 'elaborate' step finished in '4' seconds
INFO: [USF-XSim-4] XSim::Simulate design
WARNING: [USF-XSim-17] WCFG file does not exist:C:/Users/SAMSUNG/Desktop/verilog/fa4/fa4_tb_behav.wcfg
WARNING: [USF-XSim-17] WCFG file does not exist:C:/Users/SAMSUNG/Desktop/verilog/fa4/fa4_tb_behav.wcfg
INFO: [USF-XSim-61] Executing 'SIMULATE' step in 'C:/Users/SAMSUNG/Desktop/verilog/fa4_2/fa4_2.sim/sim_1/behav/xsim'
INFO: [USF-XSim-98] *** Running xsim
   with args "fa4_tb_behav -key {Behavioral:sim_1:Functional:fa4_tb} -tclbatch {fa4_tb.tcl} -log {simulate.log}"
INFO: [USF-XSim-8] Loading simulator feature
Time resolution is 1 ps
source fa4_tb.tcl
# set curr_wave [current_wave_config]
# if { [string length $curr_wave] == 0 } {
#   if { [llength [get_objects]] > 0} {
#     add_wave /
#     set_property needs_save false [current_wave_config]
#   } else {
#      send_msg_id Add_Wave-1 WARNING "No top level signals found. Simulator will start without a wave window. If you want to open a wave window go to 'File->New Waveform Configuration' or type 'create_wave_config' in the TCL console."
#   }
# }
# run 1000ns
$finish called at time : 50 ns : File "C:/Users/SAMSUNG/Desktop/verilog/fa4_2/fa4_2.srcs/sim_1/new/fa4_tb.v" Line 24
INFO: [USF-XSim-96] XSim completed. Design snapshot 'fa4_tb_behav' loaded.
INFO: [USF-XSim-97] XSim simulation ran for 1000ns
launch_simulation: Time (s): cpu = 00:00:08 ; elapsed = 00:00:13 . Memory (MB): peak = 1805.762 ; gain = 27.312
close_sim
INFO: [Simtcl 6-16] Simulation closed
launch_simulation
Command: launch_simulation 
INFO: [Vivado 12-12493] Simulation top is 'fa4_tb'
WARNING: [Vivado 12-13340] Unable to auto find GCC executables from simulator install path! (path not set)
WARNING: [Vivado 12-13277] Compiled library path does not exist: ''
INFO: [Vivado 12-5682] Launching behavioral simulation in 'C:/Users/SAMSUNG/Desktop/verilog/fa4_2/fa4_2.sim/sim_1/behav/xsim'
INFO: [SIM-utils-51] Simulation object is 'sim_1'
INFO: [SIM-utils-72] Using boost library from 'C:/Xilinx/Vivado/2022.2/tps/boost_1_72_0'
INFO: [SIM-utils-54] Inspecting design source files for 'fa4_tb' in fileset 'sim_1'...
INFO: [USF-XSim-97] Finding global include files...
INFO: [USF-XSim-98] Fetching design files from 'sim_1'...
INFO: [USF-XSim-2] XSim::Compile design
INFO: [USF-XSim-61] Executing 'COMPILE and ANALYZE' step in 'C:/Users/SAMSUNG/Desktop/verilog/fa4_2/fa4_2.sim/sim_1/behav/xsim'
"xvlog --incr --relax -prj fa4_tb_vlog.prj"
INFO: [VRFC 10-2263] Analyzing Verilog file "C:/Users/SAMSUNG/Desktop/verilog/fa4_2/fa4_2.srcs/sources_1/new/fa.v" into library xil_defaultlib
INFO: [VRFC 10-311] analyzing module fa
INFO: [VRFC 10-2263] Analyzing Verilog file "C:/Users/SAMSUNG/Desktop/verilog/fa4_2/fa4_2.srcs/sources_1/new/fa4.v" into library xil_defaultlib
INFO: [VRFC 10-311] analyzing module fa4
INFO: [VRFC 10-2263] Analyzing Verilog file "C:/Users/SAMSUNG/Desktop/verilog/fa4_2/fa4_2.srcs/sources_1/new/ha.v" into library xil_defaultlib
INFO: [VRFC 10-311] analyzing module ha
INFO: [VRFC 10-2263] Analyzing Verilog file "C:/Users/SAMSUNG/Desktop/verilog/fa4_2/fa4_2.srcs/sim_1/new/fa4_tb.v" into library xil_defaultlib
INFO: [VRFC 10-311] analyzing module fa4_tb
INFO: [USF-XSim-69] 'compile' step finished in '3' seconds
INFO: [USF-XSim-3] XSim::Elaborate design
INFO: [USF-XSim-61] Executing 'ELABORATE' step in 'C:/Users/SAMSUNG/Desktop/verilog/fa4_2/fa4_2.sim/sim_1/behav/xsim'
"xelab --incr --debug typical --relax --mt 2 -L xil_defaultlib -L unisims_ver -L unimacro_ver -L secureip --snapshot fa4_tb_behav xil_defaultlib.fa4_tb xil_defaultlib.glbl -log elaborate.log"
Vivado Simulator v2022.2
Copyright 1986-1999, 2001-2022 Xilinx, Inc. All Rights Reserved.
Running: C:/Xilinx/Vivado/2022.2/bin/unwrapped/win64.o/xelab.exe --incr --debug typical --relax --mt 2 -L xil_defaultlib -L unisims_ver -L unimacro_ver -L secureip --snapshot fa4_tb_behav xil_defaultlib.fa4_tb xil_defaultlib.glbl -log elaborate.log 
Using 2 slave threads.
Starting static elaboration
Pass Through NonSizing Optimizer
WARNING: [VRFC 10-5021] port 'cin' is not connected on this instance [C:/Users/SAMSUNG/Desktop/verilog/fa4_2/fa4_2.srcs/sources_1/new/fa.v:11]
WARNING: [VRFC 10-5021] port 'cin' is not connected on this instance [C:/Users/SAMSUNG/Desktop/verilog/fa4_2/fa4_2.srcs/sources_1/new/fa.v:17]
Completed static elaboration
Starting simulation data flow analysis
Completed simulation data flow analysis
Time Resolution for simulation is 1ps
Compiling module xil_defaultlib.ha
Compiling module xil_defaultlib.fa
Compiling module xil_defaultlib.fa4
Compiling module xil_defaultlib.fa4_tb
Compiling module xil_defaultlib.glbl
Built simulation snapshot fa4_tb_behav
INFO: [USF-XSim-69] 'elaborate' step finished in '4' seconds
INFO: [USF-XSim-4] XSim::Simulate design
WARNING: [USF-XSim-17] WCFG file does not exist:C:/Users/SAMSUNG/Desktop/verilog/fa4/fa4_tb_behav.wcfg
WARNING: [USF-XSim-17] WCFG file does not exist:C:/Users/SAMSUNG/Desktop/verilog/fa4/fa4_tb_behav.wcfg
INFO: [USF-XSim-61] Executing 'SIMULATE' step in 'C:/Users/SAMSUNG/Desktop/verilog/fa4_2/fa4_2.sim/sim_1/behav/xsim'
INFO: [USF-XSim-98] *** Running xsim
   with args "fa4_tb_behav -key {Behavioral:sim_1:Functional:fa4_tb} -tclbatch {fa4_tb.tcl} -log {simulate.log}"
INFO: [USF-XSim-8] Loading simulator feature
Time resolution is 1 ps
source fa4_tb.tcl
# set curr_wave [current_wave_config]
# if { [string length $curr_wave] == 0 } {
#   if { [llength [get_objects]] > 0} {
#     add_wave /
#     set_property needs_save false [current_wave_config]
#   } else {
#      send_msg_id Add_Wave-1 WARNING "No top level signals found. Simulator will start without a wave window. If you want to open a wave window go to 'File->New Waveform Configuration' or type 'create_wave_config' in the TCL console."
#   }
# }
# run 1000ns
$finish called at time : 50 ns : File "C:/Users/SAMSUNG/Desktop/verilog/fa4_2/fa4_2.srcs/sim_1/new/fa4_tb.v" Line 24
INFO: [USF-XSim-96] XSim completed. Design snapshot 'fa4_tb_behav' loaded.
INFO: [USF-XSim-97] XSim simulation ran for 1000ns
launch_simulation: Time (s): cpu = 00:00:03 ; elapsed = 00:00:09 . Memory (MB): peak = 1813.102 ; gain = 5.211
close_sim
INFO: [Simtcl 6-16] Simulation closed
launch_simulation
Command: launch_simulation 
INFO: [Vivado 12-12493] Simulation top is 'fa4_tb'
WARNING: [Vivado 12-13340] Unable to auto find GCC executables from simulator install path! (path not set)
WARNING: [Vivado 12-13277] Compiled library path does not exist: ''
INFO: [Vivado 12-5682] Launching behavioral simulation in 'C:/Users/SAMSUNG/Desktop/verilog/fa4_2/fa4_2.sim/sim_1/behav/xsim'
INFO: [SIM-utils-51] Simulation object is 'sim_1'
INFO: [SIM-utils-72] Using boost library from 'C:/Xilinx/Vivado/2022.2/tps/boost_1_72_0'
INFO: [SIM-utils-54] Inspecting design source files for 'fa4_tb' in fileset 'sim_1'...
INFO: [USF-XSim-97] Finding global include files...
INFO: [USF-XSim-98] Fetching design files from 'sim_1'...
INFO: [USF-XSim-2] XSim::Compile design
INFO: [USF-XSim-61] Executing 'COMPILE and ANALYZE' step in 'C:/Users/SAMSUNG/Desktop/verilog/fa4_2/fa4_2.sim/sim_1/behav/xsim'
"xvlog --incr --relax -prj fa4_tb_vlog.prj"
INFO: [VRFC 10-2263] Analyzing Verilog file "C:/Users/SAMSUNG/Desktop/verilog/fa4_2/fa4_2.srcs/sources_1/new/fa.v" into library xil_defaultlib
INFO: [VRFC 10-311] analyzing module fa
INFO: [VRFC 10-2263] Analyzing Verilog file "C:/Users/SAMSUNG/Desktop/verilog/fa4_2/fa4_2.srcs/sources_1/new/fa4.v" into library xil_defaultlib
INFO: [VRFC 10-311] analyzing module fa4
INFO: [VRFC 10-2263] Analyzing Verilog file "C:/Users/SAMSUNG/Desktop/verilog/fa4_2/fa4_2.srcs/sources_1/new/ha.v" into library xil_defaultlib
INFO: [VRFC 10-311] analyzing module ha
ERROR: [VRFC 10-2989] 'c' is not declared [C:/Users/SAMSUNG/Desktop/verilog/fa4_2/fa4_2.srcs/sources_1/new/ha.v:10]
ERROR: [VRFC 10-8530] module 'ha' is ignored due to previous errors [C:/Users/SAMSUNG/Desktop/verilog/fa4_2/fa4_2.srcs/sources_1/new/ha.v:2]
INFO: [USF-XSim-69] 'compile' step finished in '3' seconds
INFO: [USF-XSim-99] Step results log file:'C:/Users/SAMSUNG/Desktop/verilog/fa4_2/fa4_2.sim/sim_1/behav/xsim/xvlog.log'
ERROR: [USF-XSim-62] 'compile' step failed with error(s). Please check the Tcl console output or 'C:/Users/SAMSUNG/Desktop/verilog/fa4_2/fa4_2.sim/sim_1/behav/xsim/xvlog.log' file for more information.
ERROR: [Vivado 12-4473] Detected error while running simulation. Please correct the issue and retry this operation.
launch_simulation: Time (s): cpu = 00:00:01 ; elapsed = 00:00:06 . Memory (MB): peak = 1813.102 ; gain = 0.000
ERROR: [Common 17-39] 'launch_simulation' failed due to earlier errors.
launch_simulation
Command: launch_simulation 
INFO: [Vivado 12-12493] Simulation top is 'fa4_tb'
WARNING: [Vivado 12-13340] Unable to auto find GCC executables from simulator install path! (path not set)
WARNING: [Vivado 12-13277] Compiled library path does not exist: ''
INFO: [Vivado 12-5682] Launching behavioral simulation in 'C:/Users/SAMSUNG/Desktop/verilog/fa4_2/fa4_2.sim/sim_1/behav/xsim'
INFO: [SIM-utils-51] Simulation object is 'sim_1'
INFO: [SIM-utils-72] Using boost library from 'C:/Xilinx/Vivado/2022.2/tps/boost_1_72_0'
INFO: [SIM-utils-54] Inspecting design source files for 'fa4_tb' in fileset 'sim_1'...
INFO: [USF-XSim-97] Finding global include files...
INFO: [USF-XSim-98] Fetching design files from 'sim_1'...
INFO: [USF-XSim-2] XSim::Compile design
INFO: [USF-XSim-61] Executing 'COMPILE and ANALYZE' step in 'C:/Users/SAMSUNG/Desktop/verilog/fa4_2/fa4_2.sim/sim_1/behav/xsim'
"xvlog --incr --relax -prj fa4_tb_vlog.prj"
INFO: [VRFC 10-2263] Analyzing Verilog file "C:/Users/SAMSUNG/Desktop/verilog/fa4_2/fa4_2.srcs/sources_1/new/fa.v" into library xil_defaultlib
INFO: [VRFC 10-311] analyzing module fa
INFO: [VRFC 10-2263] Analyzing Verilog file "C:/Users/SAMSUNG/Desktop/verilog/fa4_2/fa4_2.srcs/sources_1/new/fa4.v" into library xil_defaultlib
INFO: [VRFC 10-311] analyzing module fa4
INFO: [VRFC 10-2263] Analyzing Verilog file "C:/Users/SAMSUNG/Desktop/verilog/fa4_2/fa4_2.srcs/sources_1/new/ha.v" into library xil_defaultlib
INFO: [VRFC 10-311] analyzing module ha
INFO: [VRFC 10-2263] Analyzing Verilog file "C:/Users/SAMSUNG/Desktop/verilog/fa4_2/fa4_2.srcs/sim_1/new/fa4_tb.v" into library xil_defaultlib
INFO: [VRFC 10-311] analyzing module fa4_tb
INFO: [USF-XSim-69] 'compile' step finished in '3' seconds
INFO: [USF-XSim-3] XSim::Elaborate design
INFO: [USF-XSim-61] Executing 'ELABORATE' step in 'C:/Users/SAMSUNG/Desktop/verilog/fa4_2/fa4_2.sim/sim_1/behav/xsim'
"xelab --incr --debug typical --relax --mt 2 -L xil_defaultlib -L unisims_ver -L unimacro_ver -L secureip --snapshot fa4_tb_behav xil_defaultlib.fa4_tb xil_defaultlib.glbl -log elaborate.log"
Vivado Simulator v2022.2
Copyright 1986-1999, 2001-2022 Xilinx, Inc. All Rights Reserved.
Running: C:/Xilinx/Vivado/2022.2/bin/unwrapped/win64.o/xelab.exe --incr --debug typical --relax --mt 2 -L xil_defaultlib -L unisims_ver -L unimacro_ver -L secureip --snapshot fa4_tb_behav xil_defaultlib.fa4_tb xil_defaultlib.glbl -log elaborate.log 
Using 2 slave threads.
Starting static elaboration
Pass Through NonSizing Optimizer
WARNING: [VRFC 10-5021] port 'bc' is not connected on this instance [C:/Users/SAMSUNG/Desktop/verilog/fa4_2/fa4_2.srcs/sources_1/new/fa4.v:11]
WARNING: [VRFC 10-5021] port 'bc' is not connected on this instance [C:/Users/SAMSUNG/Desktop/verilog/fa4_2/fa4_2.srcs/sources_1/new/fa4.v:15]
WARNING: [VRFC 10-5021] port 'bc' is not connected on this instance [C:/Users/SAMSUNG/Desktop/verilog/fa4_2/fa4_2.srcs/sources_1/new/fa4.v:19]
WARNING: [VRFC 10-5021] port 'bc' is not connected on this instance [C:/Users/SAMSUNG/Desktop/verilog/fa4_2/fa4_2.srcs/sources_1/new/fa4.v:24]
Completed static elaboration
Starting simulation data flow analysis
Completed simulation data flow analysis
Time Resolution for simulation is 1ps
Compiling module xil_defaultlib.ha
Compiling module xil_defaultlib.fa
Compiling module xil_defaultlib.fa4
Compiling module xil_defaultlib.fa4_tb
Compiling module xil_defaultlib.glbl
Built simulation snapshot fa4_tb_behav
INFO: [USF-XSim-69] 'elaborate' step finished in '4' seconds
INFO: [USF-XSim-4] XSim::Simulate design
WARNING: [USF-XSim-17] WCFG file does not exist:C:/Users/SAMSUNG/Desktop/verilog/fa4/fa4_tb_behav.wcfg
WARNING: [USF-XSim-17] WCFG file does not exist:C:/Users/SAMSUNG/Desktop/verilog/fa4/fa4_tb_behav.wcfg
INFO: [USF-XSim-61] Executing 'SIMULATE' step in 'C:/Users/SAMSUNG/Desktop/verilog/fa4_2/fa4_2.sim/sim_1/behav/xsim'
INFO: [USF-XSim-98] *** Running xsim
   with args "fa4_tb_behav -key {Behavioral:sim_1:Functional:fa4_tb} -tclbatch {fa4_tb.tcl} -log {simulate.log}"
INFO: [USF-XSim-8] Loading simulator feature
Time resolution is 1 ps
source fa4_tb.tcl
# set curr_wave [current_wave_config]
# if { [string length $curr_wave] == 0 } {
#   if { [llength [get_objects]] > 0} {
#     add_wave /
#     set_property needs_save false [current_wave_config]
#   } else {
#      send_msg_id Add_Wave-1 WARNING "No top level signals found. Simulator will start without a wave window. If you want to open a wave window go to 'File->New Waveform Configuration' or type 'create_wave_config' in the TCL console."
#   }
# }
# run 1000ns
$finish called at time : 50 ns : File "C:/Users/SAMSUNG/Desktop/verilog/fa4_2/fa4_2.srcs/sim_1/new/fa4_tb.v" Line 24
INFO: [USF-XSim-96] XSim completed. Design snapshot 'fa4_tb_behav' loaded.
INFO: [USF-XSim-97] XSim simulation ran for 1000ns
launch_simulation: Time (s): cpu = 00:00:03 ; elapsed = 00:00:10 . Memory (MB): peak = 1819.008 ; gain = 5.906
close_sim
INFO: [Simtcl 6-16] Simulation closed
launch_simulation
Command: launch_simulation 
INFO: [Vivado 12-12493] Simulation top is 'fa4_tb'
WARNING: [Vivado 12-13340] Unable to auto find GCC executables from simulator install path! (path not set)
WARNING: [Vivado 12-13277] Compiled library path does not exist: ''
INFO: [Vivado 12-5682] Launching behavioral simulation in 'C:/Users/SAMSUNG/Desktop/verilog/fa4_2/fa4_2.sim/sim_1/behav/xsim'
INFO: [SIM-utils-51] Simulation object is 'sim_1'
INFO: [SIM-utils-72] Using boost library from 'C:/Xilinx/Vivado/2022.2/tps/boost_1_72_0'
INFO: [SIM-utils-54] Inspecting design source files for 'fa4_tb' in fileset 'sim_1'...
INFO: [USF-XSim-97] Finding global include files...
INFO: [USF-XSim-98] Fetching design files from 'sim_1'...
INFO: [USF-XSim-2] XSim::Compile design
INFO: [USF-XSim-61] Executing 'COMPILE and ANALYZE' step in 'C:/Users/SAMSUNG/Desktop/verilog/fa4_2/fa4_2.sim/sim_1/behav/xsim'
"xvlog --incr --relax -prj fa4_tb_vlog.prj"
INFO: [VRFC 10-2263] Analyzing Verilog file "C:/Users/SAMSUNG/Desktop/verilog/fa4_2/fa4_2.srcs/sources_1/new/fa.v" into library xil_defaultlib
INFO: [VRFC 10-311] analyzing module fa
INFO: [VRFC 10-2263] Analyzing Verilog file "C:/Users/SAMSUNG/Desktop/verilog/fa4_2/fa4_2.srcs/sources_1/new/fa4.v" into library xil_defaultlib
INFO: [VRFC 10-311] analyzing module fa4
INFO: [VRFC 10-2263] Analyzing Verilog file "C:/Users/SAMSUNG/Desktop/verilog/fa4_2/fa4_2.srcs/sources_1/new/ha.v" into library xil_defaultlib
INFO: [VRFC 10-311] analyzing module ha
INFO: [VRFC 10-2263] Analyzing Verilog file "C:/Users/SAMSUNG/Desktop/verilog/fa4_2/fa4_2.srcs/sim_1/new/fa4_tb.v" into library xil_defaultlib
INFO: [VRFC 10-311] analyzing module fa4_tb
INFO: [USF-XSim-69] 'compile' step finished in '3' seconds
INFO: [USF-XSim-3] XSim::Elaborate design
INFO: [USF-XSim-61] Executing 'ELABORATE' step in 'C:/Users/SAMSUNG/Desktop/verilog/fa4_2/fa4_2.sim/sim_1/behav/xsim'
"xelab --incr --debug typical --relax --mt 2 -L xil_defaultlib -L unisims_ver -L unimacro_ver -L secureip --snapshot fa4_tb_behav xil_defaultlib.fa4_tb xil_defaultlib.glbl -log elaborate.log"
Vivado Simulator v2022.2
Copyright 1986-1999, 2001-2022 Xilinx, Inc. All Rights Reserved.
Running: C:/Xilinx/Vivado/2022.2/bin/unwrapped/win64.o/xelab.exe --incr --debug typical --relax --mt 2 -L xil_defaultlib -L unisims_ver -L unimacro_ver -L secureip --snapshot fa4_tb_behav xil_defaultlib.fa4_tb xil_defaultlib.glbl -log elaborate.log 
Using 2 slave threads.
Starting static elaboration
Pass Through NonSizing Optimizer
WARNING: [VRFC 10-5021] port 'c' is not connected on this instance [C:/Users/SAMSUNG/Desktop/verilog/fa4_2/fa4_2.srcs/sources_1/new/fa.v:11]
WARNING: [VRFC 10-5021] port 'c' is not connected on this instance [C:/Users/SAMSUNG/Desktop/verilog/fa4_2/fa4_2.srcs/sources_1/new/fa.v:17]
Completed static elaboration
Starting simulation data flow analysis
Completed simulation data flow analysis
Time Resolution for simulation is 1ps
Compiling module xil_defaultlib.ha
Compiling module xil_defaultlib.fa
Compiling module xil_defaultlib.fa4
Compiling module xil_defaultlib.fa4_tb
Compiling module xil_defaultlib.glbl
Built simulation snapshot fa4_tb_behav
INFO: [USF-XSim-69] 'elaborate' step finished in '3' seconds
INFO: [USF-XSim-4] XSim::Simulate design
WARNING: [USF-XSim-17] WCFG file does not exist:C:/Users/SAMSUNG/Desktop/verilog/fa4/fa4_tb_behav.wcfg
WARNING: [USF-XSim-17] WCFG file does not exist:C:/Users/SAMSUNG/Desktop/verilog/fa4/fa4_tb_behav.wcfg
INFO: [USF-XSim-61] Executing 'SIMULATE' step in 'C:/Users/SAMSUNG/Desktop/verilog/fa4_2/fa4_2.sim/sim_1/behav/xsim'
INFO: [USF-XSim-98] *** Running xsim
   with args "fa4_tb_behav -key {Behavioral:sim_1:Functional:fa4_tb} -tclbatch {fa4_tb.tcl} -log {simulate.log}"
INFO: [USF-XSim-8] Loading simulator feature
Time resolution is 1 ps
source fa4_tb.tcl
# set curr_wave [current_wave_config]
# if { [string length $curr_wave] == 0 } {
#   if { [llength [get_objects]] > 0} {
#     add_wave /
#     set_property needs_save false [current_wave_config]
#   } else {
#      send_msg_id Add_Wave-1 WARNING "No top level signals found. Simulator will start without a wave window. If you want to open a wave window go to 'File->New Waveform Configuration' or type 'create_wave_config' in the TCL console."
#   }
# }
# run 1000ns
$finish called at time : 50 ns : File "C:/Users/SAMSUNG/Desktop/verilog/fa4_2/fa4_2.srcs/sim_1/new/fa4_tb.v" Line 24
INFO: [USF-XSim-96] XSim completed. Design snapshot 'fa4_tb_behav' loaded.
INFO: [USF-XSim-97] XSim simulation ran for 1000ns
launch_simulation: Time (s): cpu = 00:00:02 ; elapsed = 00:00:10 . Memory (MB): peak = 1820.090 ; gain = 1.082
close_sim
INFO: [Simtcl 6-16] Simulation closed
exit
INFO: [Common 17-206] Exiting Vivado at Thu Mar 26 16:51:16 2026...
