#-----------------------------------------------------------
# Vivado v2022.2 (64-bit)
# SW Build 3671981 on Fri Oct 14 05:00:03 MDT 2022
# IP Build 3669848 on Fri Oct 14 08:30:02 MDT 2022
# Start of session at: Thu Apr  9 12:16:59 2026
# Process ID: 13904
# Current directory: C:/Users/SAMSUNG/Desktop/verilog/vivado_board/project/led_shift_auto_test
# Command line: vivado.exe -gui_launcher_event rodinguilauncherevent6764 C:\Users\SAMSUNG\Desktop\verilog\vivado_board\project\led_shift_auto_test\led_shift.xpr
# Log file: C:/Users/SAMSUNG/Desktop/verilog/vivado_board/project/led_shift_auto_test/vivado.log
# Journal file: C:/Users/SAMSUNG/Desktop/verilog/vivado_board/project/led_shift_auto_test\vivado.jou
# Running On: ST11, OS: Windows, CPU Frequency: 3408 MHz, CPU Physical cores: 4, Host memory: 8541 MB
#-----------------------------------------------------------
start_gui
open_project C:/Users/SAMSUNG/Desktop/verilog/vivado_board/project/led_shift_auto_test/led_shift.xpr
update_compile_order -fileset sources_1
close_project
create_project led_oneshot_shift C:/Users/SAMSUNG/Desktop/verilog/vivado_board/project/led_oneshot_shift_test -part xc7a35tcpg236-1
set_property board_part digilentinc.com:basys3:part0:1.2 [current_project]
file mkdir C:/Users/SAMSUNG/Desktop/verilog/vivado_board/project/led_oneshot_shift_test/led_oneshot_shift.srcs/sources_1/new
close [ open C:/Users/SAMSUNG/Desktop/verilog/vivado_board/project/led_oneshot_shift_test/led_oneshot_shift.srcs/sources_1/new/oneshot_shift.v w ]
add_files C:/Users/SAMSUNG/Desktop/verilog/vivado_board/project/led_oneshot_shift_test/led_oneshot_shift.srcs/sources_1/new/oneshot_shift.v
update_compile_order -fileset sources_1
file mkdir C:/Users/SAMSUNG/Desktop/verilog/vivado_board/project/led_oneshot_shift_test/led_oneshot_shift.srcs/constrs_1
file mkdir C:/Users/SAMSUNG/Desktop/verilog/vivado_board/project/led_oneshot_shift_test/led_oneshot_shift.srcs/constrs_1/new
close [ open C:/Users/SAMSUNG/Desktop/verilog/vivado_board/project/led_oneshot_shift_test/led_oneshot_shift.srcs/constrs_1/new/oneshot_shift_con.xdc w ]
add_files -fileset constrs_1 C:/Users/SAMSUNG/Desktop/verilog/vivado_board/project/led_oneshot_shift_test/led_oneshot_shift.srcs/constrs_1/new/oneshot_shift_con.xdc
launch_runs impl_1 -to_step write_bitstream -jobs 4
wait_on_run impl_1
open_hw_manager
connect_hw_server -allow_non_jtag
open_hw_target
set_property PROGRAM.FILE {C:/Users/SAMSUNG/Desktop/verilog/vivado_board/project/led_oneshot_shift_test/led_oneshot_shift.runs/impl_1/oneshot_shift.bit} [get_hw_devices xc7a35t_0]
current_hw_device [get_hw_devices xc7a35t_0]
refresh_hw_device -update_hw_probes false [lindex [get_hw_devices xc7a35t_0] 0]
set_property PROBES.FILE {} [get_hw_devices xc7a35t_0]
set_property FULL_PROBES.FILE {} [get_hw_devices xc7a35t_0]
set_property PROGRAM.FILE {C:/Users/SAMSUNG/Desktop/verilog/vivado_board/project/led_oneshot_shift_test/led_oneshot_shift.runs/impl_1/oneshot_shift.bit} [get_hw_devices xc7a35t_0]
program_hw_devices [get_hw_devices xc7a35t_0]
refresh_hw_device [lindex [get_hw_devices xc7a35t_0] 0]
close_hw_manager
open_hw_manager
connect_hw_server -allow_non_jtag
open_hw_target
set_property PROGRAM.FILE {C:/Users/SAMSUNG/Desktop/verilog/vivado_board/project/led_oneshot_shift_test/led_oneshot_shift.runs/impl_1/oneshot_shift.bit} [get_hw_devices xc7a35t_0]
current_hw_device [get_hw_devices xc7a35t_0]
refresh_hw_device -update_hw_probes false [lindex [get_hw_devices xc7a35t_0] 0]
set_property PROBES.FILE {} [get_hw_devices xc7a35t_0]
set_property FULL_PROBES.FILE {} [get_hw_devices xc7a35t_0]
set_property PROGRAM.FILE {C:/Users/SAMSUNG/Desktop/verilog/vivado_board/project/led_oneshot_shift_test/led_oneshot_shift.runs/impl_1/oneshot_shift.bit} [get_hw_devices xc7a35t_0]
program_hw_devices [get_hw_devices xc7a35t_0]
refresh_hw_device [lindex [get_hw_devices xc7a35t_0] 0]
close_hw_manager
reset_run synth_1
launch_runs impl_1 -to_step write_bitstream -jobs 4
wait_on_run impl_1
open_hw_manager
connect_hw_server -allow_non_jtag
open_hw_target
set_property PROGRAM.FILE {C:/Users/SAMSUNG/Desktop/verilog/vivado_board/project/led_oneshot_shift_test/led_oneshot_shift.runs/impl_1/oneshot_shift.bit} [get_hw_devices xc7a35t_0]
current_hw_device [get_hw_devices xc7a35t_0]
refresh_hw_device -update_hw_probes false [lindex [get_hw_devices xc7a35t_0] 0]
set_property PROBES.FILE {} [get_hw_devices xc7a35t_0]
set_property FULL_PROBES.FILE {} [get_hw_devices xc7a35t_0]
set_property PROGRAM.FILE {C:/Users/SAMSUNG/Desktop/verilog/vivado_board/project/led_oneshot_shift_test/led_oneshot_shift.runs/impl_1/oneshot_shift.bit} [get_hw_devices xc7a35t_0]
program_hw_devices [get_hw_devices xc7a35t_0]
refresh_hw_device [lindex [get_hw_devices xc7a35t_0] 0]
close_hw_manager
reset_run synth_1
launch_runs impl_1 -to_step write_bitstream -jobs 4
wait_on_run impl_1
open_hw_manager
connect_hw_server -allow_non_jtag
open_hw_target
set_property PROGRAM.FILE {C:/Users/SAMSUNG/Desktop/verilog/vivado_board/project/led_oneshot_shift_test/led_oneshot_shift.runs/impl_1/oneshot_shift.bit} [get_hw_devices xc7a35t_0]
current_hw_device [get_hw_devices xc7a35t_0]
refresh_hw_device -update_hw_probes false [lindex [get_hw_devices xc7a35t_0] 0]
set_property PROBES.FILE {} [get_hw_devices xc7a35t_0]
set_property FULL_PROBES.FILE {} [get_hw_devices xc7a35t_0]
set_property PROGRAM.FILE {C:/Users/SAMSUNG/Desktop/verilog/vivado_board/project/led_oneshot_shift_test/led_oneshot_shift.runs/impl_1/oneshot_shift.bit} [get_hw_devices xc7a35t_0]
program_hw_devices [get_hw_devices xc7a35t_0]
refresh_hw_device [lindex [get_hw_devices xc7a35t_0] 0]
set_property PROBES.FILE {} [get_hw_devices xc7a35t_0]
set_property FULL_PROBES.FILE {} [get_hw_devices xc7a35t_0]
set_property PROGRAM.FILE {C:/Users/SAMSUNG/Desktop/verilog/vivado_board/project/led_oneshot_shift_test/led_oneshot_shift.runs/impl_1/oneshot_shift.bit} [get_hw_devices xc7a35t_0]
program_hw_devices [get_hw_devices xc7a35t_0]
refresh_hw_device [lindex [get_hw_devices xc7a35t_0] 0]
close_hw_manager
reset_run impl_1 -prev_step 
launch_runs impl_1 -to_step write_bitstream -jobs 4
wait_on_run impl_1
open_hw_manager
connect_hw_server -allow_non_jtag
open_hw_target
set_property PROGRAM.FILE {C:/Users/SAMSUNG/Desktop/verilog/vivado_board/project/led_oneshot_shift_test/led_oneshot_shift.runs/impl_1/oneshot_shift.bit} [get_hw_devices xc7a35t_0]
current_hw_device [get_hw_devices xc7a35t_0]
refresh_hw_device -update_hw_probes false [lindex [get_hw_devices xc7a35t_0] 0]
set_property PROBES.FILE {} [get_hw_devices xc7a35t_0]
set_property FULL_PROBES.FILE {} [get_hw_devices xc7a35t_0]
set_property PROGRAM.FILE {C:/Users/SAMSUNG/Desktop/verilog/vivado_board/project/led_oneshot_shift_test/led_oneshot_shift.runs/impl_1/oneshot_shift.bit} [get_hw_devices xc7a35t_0]
program_hw_devices [get_hw_devices xc7a35t_0]
refresh_hw_device [lindex [get_hw_devices xc7a35t_0] 0]
set_property PROBES.FILE {} [get_hw_devices xc7a35t_0]
set_property FULL_PROBES.FILE {} [get_hw_devices xc7a35t_0]
set_property PROGRAM.FILE {C:/Users/SAMSUNG/Desktop/verilog/vivado_board/project/led_oneshot_shift_test/led_oneshot_shift.runs/impl_1/oneshot_shift.bit} [get_hw_devices xc7a35t_0]
program_hw_devices [get_hw_devices xc7a35t_0]
refresh_hw_device [lindex [get_hw_devices xc7a35t_0] 0]
close_hw_manager
reset_run synth_1
launch_runs impl_1 -to_step write_bitstream -jobs 4
wait_on_run impl_1
reset_run impl_1 -prev_step 
launch_runs impl_1 -to_step write_bitstream -jobs 4
wait_on_run impl_1
open_hw_manager
connect_hw_server -allow_non_jtag
open_hw_target
set_property PROGRAM.FILE {C:/Users/SAMSUNG/Desktop/verilog/vivado_board/project/led_oneshot_shift_test/led_oneshot_shift.runs/impl_1/oneshot_shift.bit} [get_hw_devices xc7a35t_0]
current_hw_device [get_hw_devices xc7a35t_0]
refresh_hw_device -update_hw_probes false [lindex [get_hw_devices xc7a35t_0] 0]
set_property PROBES.FILE {} [get_hw_devices xc7a35t_0]
set_property FULL_PROBES.FILE {} [get_hw_devices xc7a35t_0]
set_property PROGRAM.FILE {C:/Users/SAMSUNG/Desktop/verilog/vivado_board/project/led_oneshot_shift_test/led_oneshot_shift.runs/impl_1/oneshot_shift.bit} [get_hw_devices xc7a35t_0]
program_hw_devices [get_hw_devices xc7a35t_0]
refresh_hw_device [lindex [get_hw_devices xc7a35t_0] 0]
close_hw_manager
reset_run synth_1
launch_runs impl_1 -to_step write_bitstream -jobs 4
wait_on_run impl_1
reset_run synth_1
launch_runs impl_1 -to_step write_bitstream -jobs 4
wait_on_run impl_1
open_hw_manager
connect_hw_server -allow_non_jtag
open_hw_target
set_property PROGRAM.FILE {C:/Users/SAMSUNG/Desktop/verilog/vivado_board/project/led_oneshot_shift_test/led_oneshot_shift.runs/impl_1/oneshot_shift.bit} [get_hw_devices xc7a35t_0]
current_hw_device [get_hw_devices xc7a35t_0]
refresh_hw_device -update_hw_probes false [lindex [get_hw_devices xc7a35t_0] 0]
set_property PROBES.FILE {} [get_hw_devices xc7a35t_0]
set_property FULL_PROBES.FILE {} [get_hw_devices xc7a35t_0]
set_property PROGRAM.FILE {C:/Users/SAMSUNG/Desktop/verilog/vivado_board/project/led_oneshot_shift_test/led_oneshot_shift.runs/impl_1/oneshot_shift.bit} [get_hw_devices xc7a35t_0]
program_hw_devices [get_hw_devices xc7a35t_0]
refresh_hw_device [lindex [get_hw_devices xc7a35t_0] 0]
close_hw_manager
reset_run impl_1 -prev_step 
launch_runs impl_1 -to_step write_bitstream -jobs 4
wait_on_run impl_1
open_hw_manager
connect_hw_server -allow_non_jtag
open_hw_target
set_property PROGRAM.FILE {C:/Users/SAMSUNG/Desktop/verilog/vivado_board/project/led_oneshot_shift_test/led_oneshot_shift.runs/impl_1/oneshot_shift.bit} [get_hw_devices xc7a35t_0]
current_hw_device [get_hw_devices xc7a35t_0]
refresh_hw_device -update_hw_probes false [lindex [get_hw_devices xc7a35t_0] 0]
set_property PROBES.FILE {} [get_hw_devices xc7a35t_0]
set_property FULL_PROBES.FILE {} [get_hw_devices xc7a35t_0]
set_property PROGRAM.FILE {C:/Users/SAMSUNG/Desktop/verilog/vivado_board/project/led_oneshot_shift_test/led_oneshot_shift.runs/impl_1/oneshot_shift.bit} [get_hw_devices xc7a35t_0]
program_hw_devices [get_hw_devices xc7a35t_0]
refresh_hw_device [lindex [get_hw_devices xc7a35t_0] 0]
close_hw_manager
reset_run synth_1
launch_runs impl_1 -to_step write_bitstream -jobs 4
wait_on_run impl_1
open_hw_manager
connect_hw_server -allow_non_jtag
open_hw_target
set_property PROGRAM.FILE {C:/Users/SAMSUNG/Desktop/verilog/vivado_board/project/led_oneshot_shift_test/led_oneshot_shift.runs/impl_1/oneshot_shift.bit} [get_hw_devices xc7a35t_0]
current_hw_device [get_hw_devices xc7a35t_0]
refresh_hw_device -update_hw_probes false [lindex [get_hw_devices xc7a35t_0] 0]
set_property PROBES.FILE {} [get_hw_devices xc7a35t_0]
set_property FULL_PROBES.FILE {} [get_hw_devices xc7a35t_0]
set_property PROGRAM.FILE {C:/Users/SAMSUNG/Desktop/verilog/vivado_board/project/led_oneshot_shift_test/led_oneshot_shift.runs/impl_1/oneshot_shift.bit} [get_hw_devices xc7a35t_0]
program_hw_devices [get_hw_devices xc7a35t_0]
refresh_hw_device [lindex [get_hw_devices xc7a35t_0] 0]
close_hw_manager
close_project
create_project byte_to_bcd C:/Users/SAMSUNG/Desktop/verilog/vivado_board/project/byte_to_bcd_test -part xc7a35tcpg236-1
set_property board_part digilentinc.com:basys3:part0:1.2 [current_project]
file mkdir C:/Users/SAMSUNG/Desktop/verilog/vivado_board/project/byte_to_bcd_test/byte_to_bcd.srcs/sources_1/new
close [ open C:/Users/SAMSUNG/Desktop/verilog/vivado_board/project/byte_to_bcd_test/byte_to_bcd.srcs/sources_1/new/top.v w ]
add_files C:/Users/SAMSUNG/Desktop/verilog/vivado_board/project/byte_to_bcd_test/byte_to_bcd.srcs/sources_1/new/top.v
update_compile_order -fileset sources_1
close [ open C:/Users/SAMSUNG/Desktop/verilog/vivado_board/project/byte_to_bcd_test/byte_to_bcd.srcs/sources_1/new/byte_to_bcd.v w ]
add_files C:/Users/SAMSUNG/Desktop/verilog/vivado_board/project/byte_to_bcd_test/byte_to_bcd.srcs/sources_1/new/byte_to_bcd.v
update_compile_order -fileset sources_1
close [ open C:/Users/SAMSUNG/Desktop/verilog/vivado_board/project/byte_to_bcd_test/byte_to_bcd.srcs/sources_1/new/fnd_decoder.v w ]
add_files C:/Users/SAMSUNG/Desktop/verilog/vivado_board/project/byte_to_bcd_test/byte_to_bcd.srcs/sources_1/new/fnd_decoder.v
update_compile_order -fileset sources_1
close [ open C:/Users/SAMSUNG/Desktop/verilog/vivado_board/project/byte_to_bcd_test/byte_to_bcd.srcs/sources_1/new/byte_to_bcd.v w ]
add_files C:/Users/SAMSUNG/Desktop/verilog/vivado_board/project/byte_to_bcd_test/byte_to_bcd.srcs/sources_1/new/byte_to_bcd.v
close [ open C:/Users/SAMSUNG/Desktop/verilog/vivado_board/project/byte_to_bcd_test/byte_to_bcd.srcs/sources_1/new/byte_bcd.v w ]
add_files C:/Users/SAMSUNG/Desktop/verilog/vivado_board/project/byte_to_bcd_test/byte_to_bcd.srcs/sources_1/new/byte_bcd.v
update_compile_order -fileset sources_1
update_compile_order -fileset sources_1
file mkdir C:/Users/SAMSUNG/Desktop/verilog/vivado_board/project/byte_to_bcd_test/byte_to_bcd.srcs/constrs_1
file mkdir C:/Users/SAMSUNG/Desktop/verilog/vivado_board/project/byte_to_bcd_test/byte_to_bcd.srcs/constrs_1/new
close [ open C:/Users/SAMSUNG/Desktop/verilog/vivado_board/project/byte_to_bcd_test/byte_to_bcd.srcs/constrs_1/new/byte_to_bcd.xdc w ]
add_files -fileset constrs_1 C:/Users/SAMSUNG/Desktop/verilog/vivado_board/project/byte_to_bcd_test/byte_to_bcd.srcs/constrs_1/new/byte_to_bcd.xdc
launch_runs impl_1 -to_step write_bitstream -jobs 4
wait_on_run impl_1
reset_run synth_1
launch_runs impl_1 -to_step write_bitstream -jobs 4
wait_on_run impl_1
open_hw_manager
connect_hw_server -allow_non_jtag
open_hw_target
set_property PROGRAM.FILE {C:/Users/SAMSUNG/Desktop/verilog/vivado_board/project/byte_to_bcd_test/byte_to_bcd.runs/impl_1/top.bit} [get_hw_devices xc7a35t_0]
current_hw_device [get_hw_devices xc7a35t_0]
refresh_hw_device -update_hw_probes false [lindex [get_hw_devices xc7a35t_0] 0]
set_property PROBES.FILE {} [get_hw_devices xc7a35t_0]
set_property FULL_PROBES.FILE {} [get_hw_devices xc7a35t_0]
set_property PROGRAM.FILE {C:/Users/SAMSUNG/Desktop/verilog/vivado_board/project/byte_to_bcd_test/byte_to_bcd.runs/impl_1/top.bit} [get_hw_devices xc7a35t_0]
program_hw_devices [get_hw_devices xc7a35t_0]
refresh_hw_device [lindex [get_hw_devices xc7a35t_0] 0]
close_hw_manager
reset_run synth_1
launch_runs impl_1 -to_step write_bitstream -jobs 4
wait_on_run impl_1
reset_run synth_1
launch_runs impl_1 -to_step write_bitstream -jobs 4
wait_on_run impl_1
open_hw_manager
connect_hw_server -allow_non_jtag
open_hw_target
set_property PROGRAM.FILE {C:/Users/SAMSUNG/Desktop/verilog/vivado_board/project/byte_to_bcd_test/byte_to_bcd.runs/impl_1/top.bit} [get_hw_devices xc7a35t_0]
current_hw_device [get_hw_devices xc7a35t_0]
refresh_hw_device -update_hw_probes false [lindex [get_hw_devices xc7a35t_0] 0]
set_property PROBES.FILE {} [get_hw_devices xc7a35t_0]
set_property FULL_PROBES.FILE {} [get_hw_devices xc7a35t_0]
set_property PROGRAM.FILE {C:/Users/SAMSUNG/Desktop/verilog/vivado_board/project/byte_to_bcd_test/byte_to_bcd.runs/impl_1/top.bit} [get_hw_devices xc7a35t_0]
program_hw_devices [get_hw_devices xc7a35t_0]
refresh_hw_device [lindex [get_hw_devices xc7a35t_0] 0]
synth_design -rtl -rtl_skip_mlo -name rtl_1
close_design
close_hw_manager
reset_run synth_1
launch_runs impl_1 -to_step write_bitstream -jobs 4
wait_on_run impl_1
open_hw_manager
connect_hw_server -allow_non_jtag
open_hw_target
set_property PROGRAM.FILE {C:/Users/SAMSUNG/Desktop/verilog/vivado_board/project/byte_to_bcd_test/byte_to_bcd.runs/impl_1/top.bit} [get_hw_devices xc7a35t_0]
current_hw_device [get_hw_devices xc7a35t_0]
refresh_hw_device -update_hw_probes false [lindex [get_hw_devices xc7a35t_0] 0]
set_property PROBES.FILE {} [get_hw_devices xc7a35t_0]
set_property FULL_PROBES.FILE {} [get_hw_devices xc7a35t_0]
set_property PROGRAM.FILE {C:/Users/SAMSUNG/Desktop/verilog/vivado_board/project/byte_to_bcd_test/byte_to_bcd.runs/impl_1/top.bit} [get_hw_devices xc7a35t_0]
program_hw_devices [get_hw_devices xc7a35t_0]
refresh_hw_device [lindex [get_hw_devices xc7a35t_0] 0]
close_hw_manager
